// Jest Snapshot v1, https://goo.gl/fbAQLP

exports[`getTickTextXPosition When using an unknown label data type it throws an error 1`] = `"Error in calculating XAxis tick text position! Data type not recognised!"`;

exports[`getTickTextXPosition When using named x-value labels it renders consistently 1`] = `100`;

exports[`getTickTextXPosition When using non-null numeric x-value labels and bucket alignment it renders consistently 1`] = `223.33333333333337`;

exports[`getTickTextXPosition When using non-null numeric x-value labels and bucket alignment it throws an error when a non-numeric value is passed 1`] = `"Error in calculating XAxis tick position! Label must be convertable to a number for label of this type!"`;

exports[`getTickTextXPosition When using numeric x-value labels and bucket alignment it renders consistently 1`] = `223.33333333333337`;

exports[`getTickTextXPosition When using numeric x-value labels and bucket alignment it throws an error when a non-numeric value is passed 1`] = `"Error in calculating XAxis tick position! Label must be convertable to a number for label of this type!"`;

exports[`getTickTextXPosition When using numeric x-value labels and default alignment it renders consistently 1`] = `100`;

exports[`getTickTextXPosition When using numeric x-value labels and default alignment it throws an error when a non-numeric value is passed 1`] = `"Error in calculating XAxis tick position! Label must be convertable to a number for label of this type!"`;
